0 info it worked if it ends with ok
1 verbose cli [ '/Users/voidbrain/.nvm/versions/node/v7.4.0/bin/node',
1 verbose cli   '/Users/voidbrain/.nvm/versions/node/v7.4.0/bin/npm',
1 verbose cli   'run',
1 verbose cli   'dev' ]
2 info using npm@4.0.5
3 info using node@v7.4.0
4 verbose run-script [ 'predev', 'dev', 'postdev' ]
5 info lifecycle grover@1.0.0~predev: grover@1.0.0
6 silly lifecycle grover@1.0.0~predev: no script for predev, continuing
7 info lifecycle grover@1.0.0~dev: grover@1.0.0
8 verbose lifecycle grover@1.0.0~dev: unsafe-perm in lifecycle true
9 verbose lifecycle grover@1.0.0~dev: PATH: /Users/voidbrain/.nvm/versions/node/v7.4.0/lib/node_modules/npm/bin/node-gyp-bin:/Users/voidbrain/Grover/Grover/DEVICE/node_modules/.bin:/Users/voidbrain/.nvm/versions/node/v7.4.0/bin:/Users/voidbrain/.yarn/bin:/Users/voidbrain/.config/yarn/global/node_modules/.bin:/Library/Frameworks/Python.framework/Versions/3.10/bin:/usr/local/bin:/usr/bin:/bin:/usr/sbin:/sbin:/Library/Apple/usr/bin:/Users/voidbrain/.nvm/versions/node/v7.4.0/bin:/Users/voidbrain/.yarn/bin:/Users/voidbrain/.config/yarn/global/node_modules/.bin:/Library/Frameworks/Python.framework/Versions/3.10/bin
10 verbose lifecycle grover@1.0.0~dev: CWD: /Users/voidbrain/Grover/Grover/DEVICE
11 silly lifecycle grover@1.0.0~dev: Args: [ '-c',
11 silly lifecycle   'sudo node --loader ts-node/esm --experimental-specifier-resolution=node ./index.ts' ]
12 silly lifecycle grover@1.0.0~dev: Returned: code: 9  signal: null
13 info lifecycle grover@1.0.0~dev: Failed to exec dev script
14 verbose stack Error: grover@1.0.0 dev: `sudo node --loader ts-node/esm --experimental-specifier-resolution=node ./index.ts`
14 verbose stack Exit status 9
14 verbose stack     at EventEmitter.<anonymous> (/Users/voidbrain/.nvm/versions/node/v7.4.0/lib/node_modules/npm/lib/utils/lifecycle.js:279:16)
14 verbose stack     at emitTwo (events.js:106:13)
14 verbose stack     at EventEmitter.emit (events.js:191:7)
14 verbose stack     at ChildProcess.<anonymous> (/Users/voidbrain/.nvm/versions/node/v7.4.0/lib/node_modules/npm/lib/utils/spawn.js:40:14)
14 verbose stack     at emitTwo (events.js:106:13)
14 verbose stack     at ChildProcess.emit (events.js:191:7)
14 verbose stack     at maybeClose (internal/child_process.js:885:16)
14 verbose stack     at Process.ChildProcess._handle.onexit (internal/child_process.js:226:5)
15 verbose pkgid grover@1.0.0
16 verbose cwd /Users/voidbrain/Grover/Grover/DEVICE
17 error Darwin 19.6.0
18 error argv "/Users/voidbrain/.nvm/versions/node/v7.4.0/bin/node" "/Users/voidbrain/.nvm/versions/node/v7.4.0/bin/npm" "run" "dev"
19 error node v7.4.0
20 error npm  v4.0.5
21 error code ELIFECYCLE
22 error grover@1.0.0 dev: `sudo node --loader ts-node/esm --experimental-specifier-resolution=node ./index.ts`
22 error Exit status 9
23 error Failed at the grover@1.0.0 dev script 'sudo node --loader ts-node/esm --experimental-specifier-resolution=node ./index.ts'.
23 error Make sure you have the latest version of node.js and npm installed.
23 error If you do, this is most likely a problem with the grover package,
23 error not with npm itself.
23 error Tell the author that this fails on your system:
23 error     sudo node --loader ts-node/esm --experimental-specifier-resolution=node ./index.ts
23 error You can get information on how to open an issue for this project with:
23 error     npm bugs grover
23 error Or if that isn't available, you can get their info via:
23 error     npm owner ls grover
23 error There is likely additional logging output above.
24 verbose exit [ 1, true ]
